../Core/Src/main.c:147:6:HAL_TIM_PeriodElapsedCallback	40	static
../Core/Src/main.c:298:6:Make_PWM	48	static
../Core/Src/main.c:378:5:main	8	static
../Core/Src/main.c:453:6:HAL_GPIO_EXTI_Callback	24	static
../Core/Src/main.c:466:6:SystemClock_Config	88	static
../Core/Src/main.c:517:13:MX_ETH_Init	8	static
../Core/Src/main.c:566:13:MX_TIM1_Init	56	static
../Core/Src/main.c:617:13:MX_TIM2_Init	56	static
../Core/Src/main.c:666:13:MX_TIM3_Init	56	static
../Core/Src/main.c:715:13:MX_TIM4_Init	56	static
../Core/Src/main.c:764:13:MX_TIM5_Init	48	static
../Core/Src/main.c:813:13:MX_TIM8_Init	56	static
../Core/Src/main.c:864:13:MX_TIM9_Init	24	static
../Core/Src/main.c:902:13:MX_TIM11_Init	40	static
../Core/Src/main.c:948:13:MX_TIM12_Init	40	static
../Core/Src/main.c:990:13:MX_TIM13_Init	40	static
../Core/Src/main.c:1036:13:MX_TIM14_Init	40	static
../Core/Src/main.c:1082:13:MX_USART3_UART_Init	8	static
../Core/Src/main.c:1117:13:MX_USB_OTG_FS_PCD_Init	8	static
../Core/Src/main.c:1152:13:MX_GPIO_Init	64	static
../Core/Src/main.c:1236:6:Error_Handler	4	static,ignoring_inline_asm
